
============================================================
ОТЧЕТ О ТЕСТИРОВАНИИ
============================================================
Дата: 2025-11-09 05:03:12
Всего страниц протестировано: 20

✅ Успешно: 20
❌ С ошибками: 0
⚠️  С предупреждениями: 0
🔥 С исключениями: 0

============================================================
ДЕТАЛИ ПО СТРАНИЦАМ
============================================================

✅ Dashboard (/)
   Статус: PASSED
   Время загрузки: 2.53s

✅ Проекты (/projects)
   Статус: PASSED
   Время загрузки: 1072.08s

✅ База проектов (/project-files)
   Статус: PASSED
   Время загрузки: 2.16s

✅ Задачи (/tasks)
   Статус: PASSED
   Время загрузки: 2.15s

✅ Архив задач (/tasks-archive)
   Статус: PASSED
   Время загрузки: 2.11s

✅ Мои задачи (/my-tasks)
   Статус: PASSED
   Время загрузки: 2.09s

✅ Ревизии (/revisions)
   Статус: PASSED
   Время загрузки: 2.11s

✅ Клиенты (/clients)
   Статус: PASSED
   Время загрузки: 2.14s

✅ Лиды (/leads)
   Статус: PASSED
   Время загрузки: 2.11s

✅ Сделки (/deals)
   Статус: PASSED
   Время загрузки: 2.08s

✅ Исполнители (/contractors)
   Статус: PASSED
   Время загрузки: 2.11s

✅ Чаты (/chats)
   Статус: PASSED
   Время загрузки: 2.12s

✅ Avito (/avito)
   Статус: PASSED
   Время загрузки: 2.11s

✅ Документы (/documents)
   Статус: PASSED
   Время загрузки: 2.1s

✅ Портфолио (/portfolio)
   Статус: PASSED
   Время загрузки: 2.08s

✅ Финансы (/finance)
   Статус: PASSED
   Время загрузки: 2.13s

✅ Услуги (/services)
   Статус: PASSED
   Время загрузки: 2.11s

✅ Аналитика (/analytics)
   Статус: PASSED
   Время загрузки: 2.12s

✅ Права доступа (/permissions)
   Статус: PASSED
   Время загрузки: 2.09s

✅ Настройки (/settings)
   Статус: PASSED
   Время загрузки: 2.08s

============================================================
САМЫЕ ПРОБЛЕМНЫЕ СТРАНИЦЫ
============================================================

✅ Проблемных страниц не найдено!

============================================================